---
source: tests/files.rs
expression: visualization.result
---
@main(v0: int) {
  v1_: int = const 1;
  v2_: int = const 3;
  v3_: int = const 2;
  v4_: int = const 0;
  v5_: int = id v0;
  v6_: int = id v0;
  v7_: int = id v1_;
  v8_: int = id v2_;
  v9_: int = id v3_;
  v10_: int = id v4_;
.v11_:
  v12_: bool = eq v6_ v7_;
  br v12_ .v13_ .v14_;
.v14_:
  v15_: int = div v6_ v9_;
  v16_: int = mul v15_ v9_;
  v17_: int = sub v6_ v16_;
  v18_: bool = eq v10_ v17_;
  print v6_;
  v19_: int = mul v6_ v8_;
  v20_: int = add v19_ v7_;
  br v18_ .v21_ .v22_;
.v22_:
  v23_: bool = const true;
  v24_: int = id v5_;
  v25_: bool = id v23_;
  v26_: int = id v20_;
  v27_: int = id v7_;
  v28_: int = id v8_;
  v29_: int = id v9_;
  v30_: int = id v10_;
.v31_:
  v32_: bool = const true;
  v33_: int = id v5_;
  v34_: bool = id v32_;
  v35_: int = id v26_;
  v36_: int = id v7_;
  v37_: int = id v8_;
  v38_: int = id v9_;
  v39_: int = id v10_;
  v5_: int = id v33_;
  v6_: int = id v35_;
  v7_: int = id v36_;
  v8_: int = id v37_;
  v9_: int = id v38_;
  v10_: int = id v39_;
  jmp .v11_;
.v21_:
  v40_: bool = const true;
  v24_: int = id v5_;
  v25_: bool = id v40_;
  v26_: int = id v15_;
  v27_: int = id v7_;
  v28_: int = id v8_;
  v29_: int = id v9_;
  v30_: int = id v10_;
  jmp .v31_;
.v13_:
  v41_: bool = const false;
  v33_: int = id v5_;
  v34_: bool = id v41_;
  v35_: int = id v6_;
  v36_: int = id v7_;
  v37_: int = id v8_;
  v38_: int = id v9_;
  v39_: int = id v10_;
  v5_: int = id v33_;
  v6_: int = id v35_;
  v7_: int = id v36_;
  v8_: int = id v37_;
  v9_: int = id v38_;
  v10_: int = id v39_;
  print v5_;
}
